2025-12-25 14:04:21,662 - app.service.similarity_service - INFO - 开始分析已提取文本任务: 5fb6b11a-71ee-439b-b402-be01d524badd
2025-12-25 14:04:21,663 - app.service.similarity_service - INFO - 基于提取文本启动相似度分析任务: 5fb6b11a-71ee-439b-b402-be01d524badd
2025-12-25 14:04:31,908 - app.service.similarity_service - INFO - [TASK_DONE] mem=1402.4MB cpu=0.0% | {'task_id': '5fb6b11a-71ee-439b-b402-be01d524badd', 'elapsed': '10.1s'}
2025-12-25 14:04:31,912 - app.service.similarity_service - INFO - 分析结果已保存: C:\Users\16030\bidding-docs-similarity\saved_results\result_5fb6b11a-71ee-439b-b402-be01d524badd_20251225_140431.json
2025-12-25 16:37:02,911 - app.service.similarity_service - INFO - 开始分析已提取文本任务: 5ababf0b-8115-44ca-9443-d31890ba0b05
2025-12-25 16:37:02,911 - app.service.similarity_service - INFO - 基于提取文本启动相似度分析任务: 5ababf0b-8115-44ca-9443-d31890ba0b05
2025-12-25 16:37:02,912 - app.service.similarity_service - ERROR - 分析已提取文本任务失败: 'EntityRecognitionService' object has no attribute 'recognize'
Traceback (most recent call last):
  File "C:\Users\16030\bidding-docs-similarity\app\service\similarity_service.py", line 215, in _analyze_extracted_task
    entities = default_entity_rec_service.recognize(page_text)
               ^^^^^^^^^^^^^^^^^^^^^^^^^^^^^^^^^^^^
AttributeError: 'EntityRecognitionService' object has no attribute 'recognize'
2025-12-25 16:40:43,926 - app.service.similarity_service - INFO - 开始分析已提取文本任务: f2c1d3dd-0d25-4cc3-b569-114a0ece4351
2025-12-25 16:40:43,926 - app.service.similarity_service - INFO - 基于提取文本启动相似度分析任务: f2c1d3dd-0d25-4cc3-b569-114a0ece4351
2025-12-25 16:40:50,103 - app.service.similarity_service - INFO - [TASK_DONE] mem=1406.2MB cpu=215.0% | {'task_id': 'f2c1d3dd-0d25-4cc3-b569-114a0ece4351', 'elapsed': '6.1s'}
2025-12-25 16:40:50,114 - app.service.similarity_service - INFO - 分析结果已保存: C:\Users\16030\bidding-docs-similarity\saved_results\result_with_entities_f2c1d3dd-0d25-4cc3-b569-114a0ece4351_20251225_164050.json
2025-12-25 16:53:00,440 - app.service.similarity_service - INFO - 开始分析已提取文本任务: c0e08466-290e-492e-aed7-bd03be4ee583
2025-12-25 16:53:00,440 - app.service.similarity_service - INFO - 基于提取文本启动相似度分析任务: c0e08466-290e-492e-aed7-bd03be4ee583
2025-12-25 16:53:09,377 - app.service.similarity_service - INFO - [TASK_DONE] mem=1407.0MB cpu=0.0% | {'task_id': 'c0e08466-290e-492e-aed7-bd03be4ee583', 'elapsed': '8.8s'}
2025-12-25 16:53:09,490 - app.service.similarity_service - INFO - 分析结果已保存: C:\Users\16030\bidding-docs-similarity\saved_results\result_with_entities_c0e08466-290e-492e-aed7-bd03be4ee583_20251225_165309.json
2025-12-25 16:56:59,821 - app.service.similarity_service - INFO - 开始分析已提取文本任务: 97d7bc1a-8873-4eb2-b403-e942eefb1ce2
2025-12-25 16:56:59,822 - app.service.similarity_service - INFO - 基于提取文本启动相似度分析任务: 97d7bc1a-8873-4eb2-b403-e942eefb1ce2
2025-12-25 16:57:09,033 - app.service.similarity_service - INFO - [TASK_DONE] mem=1402.3MB cpu=398.9% | {'task_id': '97d7bc1a-8873-4eb2-b403-e942eefb1ce2', 'elapsed': '9.1s'}
2025-12-25 16:57:09,054 - app.service.similarity_service - INFO - 分析结果已保存: C:\Users\16030\bidding-docs-similarity\saved_results\result_with_entities_97d7bc1a-8873-4eb2-b403-e942eefb1ce2_20251225_165709.json
2025-12-25 17:01:52,161 - app.service.similarity_service - INFO - 开始分析已提取文本任务: 8157108a-23e2-45c0-94dd-7c7c7d79003b
2025-12-25 17:01:52,161 - app.service.similarity_service - INFO - 基于提取文本启动相似度分析任务: 8157108a-23e2-45c0-94dd-7c7c7d79003b
2025-12-25 17:02:00,513 - app.service.similarity_service - INFO - [TASK_DONE] mem=1402.7MB cpu=229.4% | {'task_id': '8157108a-23e2-45c0-94dd-7c7c7d79003b', 'elapsed': '8.3s'}
2025-12-25 17:02:00,522 - app.service.similarity_service - INFO - 分析结果已保存: C:\Users\16030\bidding-docs-similarity\saved_results\result_with_entities_8157108a-23e2-45c0-94dd-7c7c7d79003b_20251225_170200.json
2025-12-25 17:12:54,885 - app.service.similarity_service - INFO - 开始分析已提取文本任务: c6615680-6e21-470c-9a1e-57c884486479
2025-12-25 17:12:54,885 - app.service.similarity_service - INFO - 基于提取文本启动相似度分析任务: c6615680-6e21-470c-9a1e-57c884486479
2025-12-25 17:13:02,402 - app.service.similarity_service - INFO - [TASK_DONE] mem=1404.8MB cpu=243.7% | {'task_id': 'c6615680-6e21-470c-9a1e-57c884486479', 'elapsed': '7.4s'}
2025-12-25 17:13:02,409 - app.service.similarity_service - INFO - 分析结果已保存: C:\Users\16030\bidding-docs-similarity\saved_results\result_with_entities_c6615680-6e21-470c-9a1e-57c884486479_20251225_171302.json
2025-12-25 17:39:22,856 - app.service.similarity_service - INFO - 开始分析已提取文本任务: b82c2da1-d471-466b-b097-4359edd01cf2
2025-12-25 17:39:22,856 - app.service.similarity_service - INFO - 基于提取文本启动相似度分析任务: b82c2da1-d471-466b-b097-4359edd01cf2
2025-12-25 17:39:32,815 - app.service.similarity_service - INFO - [TASK_DONE] mem=1404.2MB cpu=83.1% | {'task_id': 'b82c2da1-d471-466b-b097-4359edd01cf2', 'elapsed': '9.9s'}
2025-12-25 17:39:32,830 - app.service.similarity_service - INFO - 分析结果已保存: C:\Users\16030\bidding-docs-similarity\saved_results\result_with_entities_b82c2da1-d471-466b-b097-4359edd01cf2_20251225_173932.json
2025-12-25 17:49:37,096 - app.service.similarity_service - INFO - 开始分析已提取文本任务: 853e7631-9960-426d-a528-bb43371d1436
2025-12-25 17:49:37,096 - app.service.similarity_service - INFO - 基于提取文本启动相似度分析任务: 853e7631-9960-426d-a528-bb43371d1436
2025-12-25 17:49:45,735 - app.service.similarity_service - INFO - [TASK_DONE] mem=1395.3MB cpu=166.2% | {'task_id': '853e7631-9960-426d-a528-bb43371d1436', 'elapsed': '8.5s'}
2025-12-25 17:49:45,742 - app.service.similarity_service - INFO - 分析结果已保存: C:\Users\16030\bidding-docs-similarity\saved_results\result_with_entities_853e7631-9960-426d-a528-bb43371d1436_20251225_174945.json
2025-12-25 17:50:31,140 - app.service.similarity_service - INFO - 开始分析已提取文本任务: 3de28f06-fb2c-4039-bc9e-6f7b8d23adc1
2025-12-25 17:50:31,140 - app.service.similarity_service - INFO - 基于提取文本启动相似度分析任务: 3de28f06-fb2c-4039-bc9e-6f7b8d23adc1
2025-12-25 17:50:40,555 - app.service.similarity_service - INFO - [TASK_DONE] mem=1402.8MB cpu=249.3% | {'task_id': '3de28f06-fb2c-4039-bc9e-6f7b8d23adc1', 'elapsed': '9.3s'}
2025-12-25 17:50:40,560 - app.service.similarity_service - INFO - 分析结果已保存: C:\Users\16030\bidding-docs-similarity\saved_results\result_with_entities_3de28f06-fb2c-4039-bc9e-6f7b8d23adc1_20251225_175040.json
2025-12-25 17:55:44,877 - app.service.similarity_service - INFO - 开始分析已提取文本任务: 528f635a-1e5b-4d85-bc95-3ab355eac0f8
2025-12-25 17:55:44,877 - app.service.similarity_service - INFO - 基于提取文本启动相似度分析任务: 528f635a-1e5b-4d85-bc95-3ab355eac0f8
2025-12-25 17:55:53,235 - app.service.similarity_service - INFO - [TASK_DONE] mem=1402.8MB cpu=332.4% | {'task_id': '528f635a-1e5b-4d85-bc95-3ab355eac0f8', 'elapsed': '8.3s'}
2025-12-25 17:55:53,241 - app.service.similarity_service - INFO - 分析结果已保存: C:\Users\16030\bidding-docs-similarity\saved_results\result_with_entities_528f635a-1e5b-4d85-bc95-3ab355eac0f8_20251225_175553.json
2025-12-25 17:58:41,740 - app.service.similarity_service - INFO - 开始分析已提取文本任务: 20f708b1-3be0-47e3-a0c7-1294c6ebbb06
2025-12-25 17:58:41,740 - app.service.similarity_service - INFO - 基于提取文本启动相似度分析任务: 20f708b1-3be0-47e3-a0c7-1294c6ebbb06
2025-12-25 17:58:47,718 - app.service.similarity_service - INFO - [TASK_DONE] mem=1405.6MB cpu=215.0% | {'task_id': '20f708b1-3be0-47e3-a0c7-1294c6ebbb06', 'elapsed': '5.9s'}
2025-12-25 17:58:47,724 - app.service.similarity_service - INFO - 分析结果已保存: C:\Users\16030\bidding-docs-similarity\saved_results\result_with_entities_20f708b1-3be0-47e3-a0c7-1294c6ebbb06_20251225_175847.json
2025-12-25 18:12:01,270 - app.service.similarity_service - INFO - 开始分析已提取文本任务: b2278d57-903c-4d30-9f80-d4a4df3ed4ad
2025-12-25 18:12:01,270 - app.service.similarity_service - INFO - 基于提取文本启动相似度分析任务: b2278d57-903c-4d30-9f80-d4a4df3ed4ad
2025-12-25 18:12:07,401 - app.service.similarity_service - INFO - [TASK_DONE] mem=1404.2MB cpu=57.3% | {'task_id': 'b2278d57-903c-4d30-9f80-d4a4df3ed4ad', 'elapsed': '6.0s'}
2025-12-25 18:12:07,407 - app.service.similarity_service - INFO - 分析结果已保存: C:\Users\16030\bidding-docs-similarity\saved_results\result_with_entities_b2278d57-903c-4d30-9f80-d4a4df3ed4ad_20251225_181207.json
2025-12-25 18:24:32,860 - app.service.similarity_service - INFO - 开始分析已提取文本任务: f19735eb-ea57-4f18-a118-7df7e990a774
2025-12-25 18:24:32,860 - app.service.similarity_service - INFO - 基于提取文本启动相似度分析任务: f19735eb-ea57-4f18-a118-7df7e990a774
2025-12-25 18:24:42,385 - app.service.similarity_service - INFO - [TASK_DONE] mem=1405.2MB cpu=0.0% | {'task_id': 'f19735eb-ea57-4f18-a118-7df7e990a774', 'elapsed': '9.4s'}
2025-12-25 18:24:42,394 - app.service.similarity_service - INFO - 分析结果已保存: C:\Users\16030\bidding-docs-similarity\saved_results\result_with_entities_f19735eb-ea57-4f18-a118-7df7e990a774_20251225_182442.json
2025-12-25 18:37:10,981 - app.service.similarity_service - INFO - 开始分析已提取文本任务: ee2c5421-61e4-4c9c-b9f0-08bf25261275
2025-12-25 18:37:10,981 - app.service.similarity_service - INFO - 基于提取文本启动相似度分析任务: ee2c5421-61e4-4c9c-b9f0-08bf25261275
2025-12-25 18:37:18,640 - app.service.similarity_service - INFO - [TASK_DONE] mem=1405.2MB cpu=186.4% | {'task_id': 'ee2c5421-61e4-4c9c-b9f0-08bf25261275', 'elapsed': '7.6s'}
2025-12-25 18:37:18,646 - app.service.similarity_service - INFO - 分析结果已保存: C:\Users\16030\bidding-docs-similarity\saved_results\result_with_entities_ee2c5421-61e4-4c9c-b9f0-08bf25261275_20251225_183718.json
2025-12-25 18:45:03,924 - app.service.similarity_service - INFO - 开始分析已提取文本任务: f1cacb0e-854c-4aa1-90a9-3c78034d8c57
2025-12-25 18:45:03,925 - app.service.similarity_service - INFO - 基于提取文本启动相似度分析任务: f1cacb0e-854c-4aa1-90a9-3c78034d8c57
2025-12-25 18:45:15,521 - app.service.similarity_service - INFO - [TASK_DONE] mem=1404.1MB cpu=0.0% | {'task_id': 'f1cacb0e-854c-4aa1-90a9-3c78034d8c57', 'elapsed': '11.5s'}
2025-12-25 18:45:15,546 - app.service.similarity_service - INFO - 分析结果已保存: C:\Users\16030\bidding-docs-similarity\saved_results\result_with_entities_f1cacb0e-854c-4aa1-90a9-3c78034d8c57_20251225_184515.json
2025-12-25 18:52:50,178 - app.service.similarity_service - INFO - 开始分析已提取文本任务: d30e9036-28c5-45bb-ada1-b73d1cb2eee0
2025-12-25 18:52:50,178 - app.service.similarity_service - INFO - 基于提取文本启动相似度分析任务: d30e9036-28c5-45bb-ada1-b73d1cb2eee0
2025-12-25 18:52:56,207 - app.service.similarity_service - INFO - [TASK_DONE] mem=1404.9MB cpu=365.7% | {'task_id': 'd30e9036-28c5-45bb-ada1-b73d1cb2eee0', 'elapsed': '5.9s'}
2025-12-25 18:52:56,214 - app.service.similarity_service - INFO - 分析结果已保存: C:\Users\16030\bidding-docs-similarity\saved_results\result_with_entities_d30e9036-28c5-45bb-ada1-b73d1cb2eee0_20251225_185256.json
2025-12-25 19:00:57,743 - app.service.similarity_service - INFO - 开始分析已提取文本任务: fa66e8f0-1f90-4f1e-8728-03c4346b5c37
2025-12-25 19:00:57,743 - app.service.similarity_service - INFO - 基于提取文本启动相似度分析任务: fa66e8f0-1f90-4f1e-8728-03c4346b5c37
2025-12-25 19:01:03,575 - app.service.similarity_service - INFO - [TASK_DONE] mem=1405.5MB cpu=227.3% | {'task_id': 'fa66e8f0-1f90-4f1e-8728-03c4346b5c37', 'elapsed': '5.7s'}
2025-12-25 19:01:03,584 - app.service.similarity_service - INFO - 分析结果已保存: C:\Users\16030\bidding-docs-similarity\saved_results\result_with_entities_fa66e8f0-1f90-4f1e-8728-03c4346b5c37_20251225_190103.json
2025-12-25 19:12:19,260 - app.service.similarity_service - INFO - 开始分析已提取文本任务: 329da439-07ae-418d-b9ba-7e166f4bab2b
2025-12-25 19:12:19,261 - app.service.similarity_service - INFO - 基于提取文本启动相似度分析任务: 329da439-07ae-418d-b9ba-7e166f4bab2b
2025-12-25 19:12:25,344 - app.service.similarity_service - INFO - [TASK_DONE] mem=1404.9MB cpu=218.4% | {'task_id': '329da439-07ae-418d-b9ba-7e166f4bab2b', 'elapsed': '6.0s'}
2025-12-25 19:12:25,350 - app.service.similarity_service - INFO - 分析结果已保存: C:\Users\16030\bidding-docs-similarity\saved_results\result_with_entities_329da439-07ae-418d-b9ba-7e166f4bab2b_20251225_191225.json
2025-12-25 19:45:45,480 - app.service.similarity_service - INFO - 开始分析已提取文本任务: a7b91c14-93a8-4a64-a412-8a622ea4c99a
2025-12-25 19:45:45,480 - app.service.similarity_service - INFO - 基于提取文本启动相似度分析任务: a7b91c14-93a8-4a64-a412-8a622ea4c99a
2025-12-25 19:45:51,567 - app.service.similarity_service - INFO - [TASK_DONE] mem=1489.4MB cpu=99.7% | {'task_id': 'a7b91c14-93a8-4a64-a412-8a622ea4c99a', 'elapsed': '6.0s'}
2025-12-25 19:45:51,573 - app.service.similarity_service - INFO - 分析结果已保存: C:\Users\16030\bidding-docs-similarity\saved_results\result_with_entities_a7b91c14-93a8-4a64-a412-8a622ea4c99a_20251225_194551.json
2025-12-25 19:46:06,343 - app.service.similarity_service - INFO - 开始分析已提取文本任务: 7d5f5f29-bc4b-4896-a512-b623287fd15b
2025-12-25 19:46:06,349 - app.service.similarity_service - INFO - 基于提取文本启动相似度分析任务: 7d5f5f29-bc4b-4896-a512-b623287fd15b
2025-12-25 19:46:14,409 - app.service.similarity_service - INFO - [TASK_DONE] mem=1493.4MB cpu=315.8% | {'task_id': '7d5f5f29-bc4b-4896-a512-b623287fd15b', 'elapsed': '8.0s'}
2025-12-25 19:46:14,419 - app.service.similarity_service - INFO - 分析结果已保存: C:\Users\16030\bidding-docs-similarity\saved_results\result_with_entities_7d5f5f29-bc4b-4896-a512-b623287fd15b_20251225_194614.json
2025-12-25 19:46:33,268 - app.service.similarity_service - INFO - 开始分析已提取文本任务: 566b63c2-980f-4cc5-b6b4-c92f5673b511
2025-12-25 19:46:33,269 - app.service.similarity_service - INFO - 基于提取文本启动相似度分析任务: 566b63c2-980f-4cc5-b6b4-c92f5673b511
2025-12-25 19:46:40,293 - app.service.similarity_service - INFO - [TASK_DONE] mem=1496.4MB cpu=213.1% | {'task_id': '566b63c2-980f-4cc5-b6b4-c92f5673b511', 'elapsed': '6.9s'}
2025-12-25 19:46:40,299 - app.service.similarity_service - INFO - 分析结果已保存: C:\Users\16030\bidding-docs-similarity\saved_results\result_with_entities_566b63c2-980f-4cc5-b6b4-c92f5673b511_20251225_194640.json
2025-12-25 19:47:08,619 - app.service.similarity_service - INFO - 开始分析已提取文本任务: a0f7f6be-13e8-4b15-b30d-6cc516a618bd
2025-12-25 19:47:08,619 - app.service.similarity_service - INFO - 基于提取文本启动相似度分析任务: a0f7f6be-13e8-4b15-b30d-6cc516a618bd
2025-12-25 19:47:17,501 - app.service.similarity_service - INFO - [TASK_DONE] mem=1498.5MB cpu=299.2% | {'task_id': 'a0f7f6be-13e8-4b15-b30d-6cc516a618bd', 'elapsed': '8.8s'}
2025-12-25 19:47:17,507 - app.service.similarity_service - INFO - 分析结果已保存: C:\Users\16030\bidding-docs-similarity\saved_results\result_with_entities_a0f7f6be-13e8-4b15-b30d-6cc516a618bd_20251225_194717.json
2025-12-25 19:47:49,721 - app.service.similarity_service - INFO - 开始分析已提取文本任务: 64d98315-180b-401d-81ac-1a8d52072d68
2025-12-25 19:47:49,721 - app.service.similarity_service - INFO - 基于提取文本启动相似度分析任务: 64d98315-180b-401d-81ac-1a8d52072d68
2025-12-25 19:47:56,915 - app.service.similarity_service - INFO - [TASK_DONE] mem=1500.5MB cpu=216.1% | {'task_id': '64d98315-180b-401d-81ac-1a8d52072d68', 'elapsed': '7.1s'}
2025-12-25 19:47:56,923 - app.service.similarity_service - INFO - 分析结果已保存: C:\Users\16030\bidding-docs-similarity\saved_results\result_with_entities_64d98315-180b-401d-81ac-1a8d52072d68_20251225_194756.json
2025-12-25 19:51:09,234 - app.service.similarity_service - INFO - 开始分析已提取文本任务: f0ae3c9c-b930-4e68-a3f2-03f3fc1bc78b
2025-12-25 19:51:09,234 - app.service.similarity_service - INFO - 基于提取文本启动相似度分析任务: f0ae3c9c-b930-4e68-a3f2-03f3fc1bc78b
2025-12-25 19:51:17,560 - app.service.similarity_service - INFO - [TASK_DONE] mem=1502.3MB cpu=0.0% | {'task_id': 'f0ae3c9c-b930-4e68-a3f2-03f3fc1bc78b', 'elapsed': '8.2s'}
2025-12-25 19:51:17,568 - app.service.similarity_service - INFO - 分析结果已保存: C:\Users\16030\bidding-docs-similarity\saved_results\result_with_entities_f0ae3c9c-b930-4e68-a3f2-03f3fc1bc78b_20251225_195117.json
2025-12-25 20:12:37,775 - app.service.similarity_service - INFO - 开始分析已提取文本任务: 87de934c-d9d7-4a83-8f4b-4ca6ab1831d1
2025-12-25 20:12:37,776 - app.service.similarity_service - INFO - 基于提取文本启动相似度分析任务: 87de934c-d9d7-4a83-8f4b-4ca6ab1831d1
2025-12-25 20:12:47,393 - app.service.similarity_service - INFO - [TASK_DONE] mem=1401.5MB cpu=0.0% | {'task_id': '87de934c-d9d7-4a83-8f4b-4ca6ab1831d1', 'elapsed': '9.5s'}
2025-12-25 20:12:47,403 - app.service.similarity_service - INFO - 分析结果已保存: C:\Users\16030\bidding-docs-similarity\saved_results\result_with_entities_87de934c-d9d7-4a83-8f4b-4ca6ab1831d1_20251225_201247.json
2025-12-25 20:14:26,430 - app.service.similarity_service - INFO - 开始分析已提取文本任务: de8f3e4c-93d4-4c17-a542-f8e0623b6dbf
2025-12-25 20:14:26,430 - app.service.similarity_service - INFO - 基于提取文本启动相似度分析任务: de8f3e4c-93d4-4c17-a542-f8e0623b6dbf
2025-12-25 20:14:35,405 - app.service.similarity_service - INFO - [TASK_DONE] mem=1406.3MB cpu=157.7% | {'task_id': 'de8f3e4c-93d4-4c17-a542-f8e0623b6dbf', 'elapsed': '8.9s'}
2025-12-25 20:14:35,411 - app.service.similarity_service - INFO - 分析结果已保存: C:\Users\16030\bidding-docs-similarity\saved_results\result_with_entities_de8f3e4c-93d4-4c17-a542-f8e0623b6dbf_20251225_201435.json
2025-12-25 20:16:13,708 - app.service.similarity_service - INFO - 开始分析已提取文本任务: a38380fc-a596-4715-99ec-3046adef46af
2025-12-25 20:16:13,708 - app.service.similarity_service - INFO - 基于提取文本启动相似度分析任务: a38380fc-a596-4715-99ec-3046adef46af
2025-12-25 20:16:15,119 - app.service.similarity_service - INFO - 开始分析已提取文本任务: 2c9def7d-514c-4df5-abe6-dba7ae88d336
2025-12-25 20:16:15,119 - app.service.similarity_service - INFO - 基于提取文本启动相似度分析任务: 2c9def7d-514c-4df5-abe6-dba7ae88d336
2025-12-25 20:16:34,657 - app.service.similarity_service - INFO - [TASK_DONE] mem=1642.1MB cpu=615.0% | {'task_id': 'a38380fc-a596-4715-99ec-3046adef46af', 'elapsed': '20.8s'}
2025-12-25 20:16:34,667 - app.service.similarity_service - INFO - 分析结果已保存: C:\Users\16030\bidding-docs-similarity\saved_results\result_with_entities_a38380fc-a596-4715-99ec-3046adef46af_20251225_201634.json
2025-12-25 20:16:36,403 - app.service.similarity_service - INFO - [TASK_DONE] mem=1642.9MB cpu=86.0% | {'task_id': '2c9def7d-514c-4df5-abe6-dba7ae88d336', 'elapsed': '21.2s'}
2025-12-25 20:16:36,410 - app.service.similarity_service - INFO - 分析结果已保存: C:\Users\16030\bidding-docs-similarity\saved_results\result_with_entities_2c9def7d-514c-4df5-abe6-dba7ae88d336_20251225_201636.json
2025-12-25 20:16:41,377 - app.service.similarity_service - INFO - 开始分析已提取文本任务: 0ddca0fe-72bd-47c0-8dc4-d022de49dac6
2025-12-25 20:16:41,377 - app.service.similarity_service - INFO - 基于提取文本启动相似度分析任务: 0ddca0fe-72bd-47c0-8dc4-d022de49dac6
2025-12-25 20:16:50,550 - app.service.similarity_service - INFO - [TASK_DONE] mem=1651.8MB cpu=133.0% | {'task_id': '0ddca0fe-72bd-47c0-8dc4-d022de49dac6', 'elapsed': '9.1s'}
2025-12-25 20:16:50,559 - app.service.similarity_service - INFO - 分析结果已保存: C:\Users\16030\bidding-docs-similarity\saved_results\result_with_entities_0ddca0fe-72bd-47c0-8dc4-d022de49dac6_20251225_201650.json
2025-12-25 20:22:51,345 - app.service.similarity_service - INFO - 开始分析已提取文本任务: 3f20127d-b828-43fc-9198-d88f98c553c2
2025-12-25 20:22:51,346 - app.service.similarity_service - INFO - 基于提取文本启动相似度分析任务: 3f20127d-b828-43fc-9198-d88f98c553c2
2025-12-25 20:22:59,553 - app.service.similarity_service - INFO - [TASK_DONE] mem=1653.4MB cpu=0.0% | {'task_id': '3f20127d-b828-43fc-9198-d88f98c553c2', 'elapsed': '8.1s'}
2025-12-25 20:22:59,559 - app.service.similarity_service - INFO - 分析结果已保存: C:\Users\16030\bidding-docs-similarity\saved_results\result_with_entities_3f20127d-b828-43fc-9198-d88f98c553c2_20251225_202259.json
2025-12-25 20:23:50,764 - app.service.similarity_service - INFO - 开始分析已提取文本任务: d1071faf-6a2b-4541-8188-a20b3d4927fb
2025-12-25 20:23:50,764 - app.service.similarity_service - INFO - 基于提取文本启动相似度分析任务: d1071faf-6a2b-4541-8188-a20b3d4927fb
2025-12-25 20:23:58,031 - app.service.similarity_service - INFO - [TASK_DONE] mem=1655.0MB cpu=129.0% | {'task_id': 'd1071faf-6a2b-4541-8188-a20b3d4927fb', 'elapsed': '7.2s'}
2025-12-25 20:23:58,042 - app.service.similarity_service - INFO - 分析结果已保存: C:\Users\16030\bidding-docs-similarity\saved_results\result_with_entities_d1071faf-6a2b-4541-8188-a20b3d4927fb_20251225_202358.json
2025-12-25 20:26:38,417 - app.service.similarity_service - INFO - 开始分析已提取文本任务: 573aa0cb-741a-469a-b373-80fe6fb2a448
2025-12-25 20:26:38,417 - app.service.similarity_service - INFO - 基于提取文本启动相似度分析任务: 573aa0cb-741a-469a-b373-80fe6fb2a448
2025-12-25 20:26:44,762 - app.service.similarity_service - INFO - [TASK_DONE] mem=1657.1MB cpu=172.0% | {'task_id': '573aa0cb-741a-469a-b373-80fe6fb2a448', 'elapsed': '6.2s'}
2025-12-25 20:26:44,768 - app.service.similarity_service - INFO - 分析结果已保存: C:\Users\16030\bidding-docs-similarity\saved_results\result_with_entities_573aa0cb-741a-469a-b373-80fe6fb2a448_20251225_202644.json
2025-12-25 20:27:09,549 - app.service.similarity_service - INFO - 开始分析已提取文本任务: 6a2f118a-f0e7-467e-bce7-987787e3e1ef
2025-12-25 20:27:09,549 - app.service.similarity_service - INFO - 基于提取文本启动相似度分析任务: 6a2f118a-f0e7-467e-bce7-987787e3e1ef
2025-12-25 20:27:17,529 - app.service.similarity_service - INFO - [TASK_DONE] mem=1658.1MB cpu=43.0% | {'task_id': '6a2f118a-f0e7-467e-bce7-987787e3e1ef', 'elapsed': '7.9s'}
2025-12-25 20:27:17,538 - app.service.similarity_service - INFO - 分析结果已保存: C:\Users\16030\bidding-docs-similarity\saved_results\result_with_entities_6a2f118a-f0e7-467e-bce7-987787e3e1ef_20251225_202717.json
2025-12-25 20:27:46,891 - app.service.similarity_service - INFO - 开始分析已提取文本任务: 8e311deb-c9a9-40e4-baf3-bed4a3f934a3
2025-12-25 20:27:46,891 - app.service.similarity_service - INFO - 基于提取文本启动相似度分析任务: 8e311deb-c9a9-40e4-baf3-bed4a3f934a3
2025-12-25 20:27:55,024 - app.service.similarity_service - INFO - [TASK_DONE] mem=1659.6MB cpu=201.6% | {'task_id': '8e311deb-c9a9-40e4-baf3-bed4a3f934a3', 'elapsed': '8.0s'}
2025-12-25 20:27:55,032 - app.service.similarity_service - INFO - 分析结果已保存: C:\Users\16030\bidding-docs-similarity\saved_results\result_with_entities_8e311deb-c9a9-40e4-baf3-bed4a3f934a3_20251225_202755.json
2025-12-25 20:31:52,265 - app.service.similarity_service - INFO - 开始分析已提取文本任务: 460d9c85-f8cf-4a04-8097-ebf192acb586
2025-12-25 20:31:52,265 - app.service.similarity_service - INFO - 基于提取文本启动相似度分析任务: 460d9c85-f8cf-4a04-8097-ebf192acb586
2025-12-25 20:31:58,822 - app.service.similarity_service - INFO - [TASK_DONE] mem=1404.4MB cpu=71.0% | {'task_id': '460d9c85-f8cf-4a04-8097-ebf192acb586', 'elapsed': '6.5s'}
2025-12-25 20:31:58,830 - app.service.similarity_service - INFO - 分析结果已保存: C:\Users\16030\bidding-docs-similarity\saved_results\result_with_entities_460d9c85-f8cf-4a04-8097-ebf192acb586_20251225_203158.json
2025-12-25 20:47:05,594 - app.service.similarity_service - INFO - 开始分析已提取文本任务: 3252161f-2d49-45f1-8222-c525e3e08bef
2025-12-25 20:47:05,594 - app.service.similarity_service - INFO - 基于提取文本启动相似度分析任务: 3252161f-2d49-45f1-8222-c525e3e08bef
2025-12-25 20:47:06,193 - app.service.similarity_service - INFO - 开始分析已提取文本任务: 98b434e2-8970-48d0-a8c1-a703d62d26fb
2025-12-25 20:47:06,193 - app.service.similarity_service - INFO - 基于提取文本启动相似度分析任务: 98b434e2-8970-48d0-a8c1-a703d62d26fb
2025-12-25 20:47:06,525 - app.service.similarity_service - INFO - 开始分析已提取文本任务: 43036362-4eab-44ea-acca-465f39dd4d5e
2025-12-25 20:47:06,525 - app.service.similarity_service - INFO - 基于提取文本启动相似度分析任务: 43036362-4eab-44ea-acca-465f39dd4d5e
2025-12-25 20:47:08,489 - app.service.similarity_service - INFO - 开始分析已提取文本任务: 899a1114-a045-4efe-978e-4ffbc31b0413
2025-12-25 20:47:08,489 - app.service.similarity_service - INFO - 基于提取文本启动相似度分析任务: 899a1114-a045-4efe-978e-4ffbc31b0413
2025-12-25 20:47:33,200 - app.service.similarity_service - INFO - [TASK_DONE] mem=1824.0MB cpu=710.2% | {'task_id': '3252161f-2d49-45f1-8222-c525e3e08bef', 'elapsed': '27.5s'}
2025-12-25 20:47:33,211 - app.service.similarity_service - INFO - 分析结果已保存: C:\Users\16030\bidding-docs-similarity\saved_results\result_with_entities_3252161f-2d49-45f1-8222-c525e3e08bef_20251225_204733.json
2025-12-25 20:47:36,317 - app.service.similarity_service - INFO - [TASK_DONE] mem=1824.9MB cpu=681.5% | {'task_id': '98b434e2-8970-48d0-a8c1-a703d62d26fb', 'elapsed': '30.0s'}
2025-12-25 20:47:36,372 - app.service.similarity_service - INFO - 分析结果已保存: C:\Users\16030\bidding-docs-similarity\saved_results\result_with_entities_98b434e2-8970-48d0-a8c1-a703d62d26fb_20251225_204736.json
2025-12-25 20:47:36,766 - app.service.similarity_service - INFO - [TASK_DONE] mem=1807.9MB cpu=501.7% | {'task_id': '43036362-4eab-44ea-acca-465f39dd4d5e', 'elapsed': '30.1s'}
2025-12-25 20:47:36,823 - app.service.similarity_service - INFO - 分析结果已保存: C:\Users\16030\bidding-docs-similarity\saved_results\result_with_entities_43036362-4eab-44ea-acca-465f39dd4d5e_20251225_204736.json
2025-12-25 20:47:38,823 - app.service.similarity_service - INFO - [TASK_DONE] mem=1807.9MB cpu=0.0% | {'task_id': '899a1114-a045-4efe-978e-4ffbc31b0413', 'elapsed': '30.2s'}
2025-12-25 20:47:38,849 - app.service.similarity_service - INFO - 分析结果已保存: C:\Users\16030\bidding-docs-similarity\saved_results\result_with_entities_899a1114-a045-4efe-978e-4ffbc31b0413_20251225_204738.json
2025-12-25 20:56:37,351 - app.service.similarity_service - INFO - 开始分析已提取文本任务: b4b32dfa-5da8-4f02-ba83-b17eae74dbfe
2025-12-25 20:56:37,351 - app.service.similarity_service - INFO - 基于提取文本启动相似度分析任务: b4b32dfa-5da8-4f02-ba83-b17eae74dbfe
2025-12-25 20:56:44,115 - app.service.similarity_service - INFO - [TASK_DONE] mem=1405.7MB cpu=415.6% | {'task_id': 'b4b32dfa-5da8-4f02-ba83-b17eae74dbfe', 'elapsed': '6.7s'}
2025-12-25 20:56:44,123 - app.service.similarity_service - INFO - 分析结果已保存: C:\Users\16030\bidding-docs-similarity\saved_results\result_with_entities_b4b32dfa-5da8-4f02-ba83-b17eae74dbfe_20251225_205644.json
2025-12-25 21:05:51,568 - app.service.similarity_service - INFO - 开始分析已提取文本任务: d1f250d8-31b0-48d3-83a9-75a7da15fbe7
2025-12-25 21:05:51,568 - app.service.similarity_service - INFO - 基于提取文本启动相似度分析任务: d1f250d8-31b0-48d3-83a9-75a7da15fbe7
2025-12-25 21:05:57,675 - app.service.similarity_service - INFO - [TASK_DONE] mem=1405.4MB cpu=382.3% | {'task_id': 'd1f250d8-31b0-48d3-83a9-75a7da15fbe7', 'elapsed': '6.0s'}
2025-12-25 21:05:57,687 - app.service.similarity_service - INFO - 分析结果已保存: C:\Users\16030\bidding-docs-similarity\saved_results\result_with_entities_d1f250d8-31b0-48d3-83a9-75a7da15fbe7_20251225_210557.json
2025-12-25 21:12:31,391 - app.service.similarity_service - INFO - 开始分析已提取文本任务: af8c0241-488e-4c06-97c7-f0c724d16e61
2025-12-25 21:12:31,391 - app.service.similarity_service - INFO - 基于提取文本启动相似度分析任务: af8c0241-488e-4c06-97c7-f0c724d16e61
2025-12-25 21:12:37,773 - app.service.similarity_service - INFO - [TASK_DONE] mem=1406.4MB cpu=218.4% | {'task_id': 'af8c0241-488e-4c06-97c7-f0c724d16e61', 'elapsed': '6.3s'}
2025-12-25 21:12:37,780 - app.service.similarity_service - INFO - 分析结果已保存: C:\Users\16030\bidding-docs-similarity\saved_results\result_with_entities_af8c0241-488e-4c06-97c7-f0c724d16e61_20251225_211237.json
2025-12-25 21:16:14,778 - app.service.similarity_service - INFO - 开始分析已提取文本任务: 90f39981-7e8b-4e60-b773-bb65cbb6eeba
2025-12-25 21:16:14,778 - app.service.similarity_service - INFO - 基于提取文本启动相似度分析任务: 90f39981-7e8b-4e60-b773-bb65cbb6eeba
2025-12-25 21:16:20,766 - app.service.similarity_service - INFO - [TASK_DONE] mem=1406.2MB cpu=329.7% | {'task_id': '90f39981-7e8b-4e60-b773-bb65cbb6eeba', 'elapsed': '5.9s'}
2025-12-25 21:16:20,773 - app.service.similarity_service - INFO - 分析结果已保存: C:\Users\16030\bidding-docs-similarity\saved_results\result_with_entities_90f39981-7e8b-4e60-b773-bb65cbb6eeba_20251225_211620.json
2025-12-25 21:17:17,417 - app.service.similarity_service - INFO - 开始分析已提取文本任务: e372f880-674d-4a88-8e9e-127be9ebaa9f
2025-12-25 21:17:17,418 - app.service.similarity_service - INFO - 基于提取文本启动相似度分析任务: e372f880-674d-4a88-8e9e-127be9ebaa9f
2025-12-25 21:17:23,705 - app.service.similarity_service - INFO - [TASK_DONE] mem=1402.9MB cpu=232.7% | {'task_id': 'e372f880-674d-4a88-8e9e-127be9ebaa9f', 'elapsed': '6.2s'}
2025-12-25 21:17:23,712 - app.service.similarity_service - INFO - 分析结果已保存: C:\Users\16030\bidding-docs-similarity\saved_results\result_with_entities_e372f880-674d-4a88-8e9e-127be9ebaa9f_20251225_211723.json
2025-12-25 21:21:18,354 - app.service.similarity_service - INFO - 开始分析已提取文本任务: 143f5910-fb9e-446c-85f0-929cdec49ee9
2025-12-25 21:21:18,354 - app.service.similarity_service - INFO - 基于提取文本启动相似度分析任务: 143f5910-fb9e-446c-85f0-929cdec49ee9
2025-12-25 21:21:24,626 - app.service.similarity_service - INFO - [TASK_DONE] mem=1405.4MB cpu=184.7% | {'task_id': '143f5910-fb9e-446c-85f0-929cdec49ee9', 'elapsed': '6.2s'}
2025-12-25 21:21:24,633 - app.service.similarity_service - INFO - 分析结果已保存: C:\Users\16030\bidding-docs-similarity\saved_results\result_with_entities_143f5910-fb9e-446c-85f0-929cdec49ee9_20251225_212124.json
2025-12-25 21:30:58,973 - app.service.similarity_service - INFO - 开始分析已提取文本任务: 6fcd2630-506d-47b8-84f1-008bd8a32c7f
2025-12-25 21:30:58,973 - app.service.similarity_service - INFO - 基于提取文本启动相似度分析任务: 6fcd2630-506d-47b8-84f1-008bd8a32c7f
2025-12-25 21:31:05,190 - app.service.similarity_service - INFO - [TASK_DONE] mem=1405.6MB cpu=332.4% | {'task_id': '6fcd2630-506d-47b8-84f1-008bd8a32c7f', 'elapsed': '6.1s'}
2025-12-25 21:31:05,204 - app.service.similarity_service - INFO - 分析结果已保存: C:\Users\16030\bidding-docs-similarity\saved_results\result_with_entities_6fcd2630-506d-47b8-84f1-008bd8a32c7f_20251225_213105.json
2025-12-25 21:36:54,663 - app.service.similarity_service - INFO - 开始分析已提取文本任务: 7fe539c4-af2c-4e0d-aa81-eb80e9d166ca
2025-12-25 21:36:54,663 - app.service.similarity_service - INFO - 基于提取文本启动相似度分析任务: 7fe539c4-af2c-4e0d-aa81-eb80e9d166ca
2025-12-25 21:37:00,791 - app.service.similarity_service - INFO - [TASK_DONE] mem=1403.2MB cpu=184.7% | {'task_id': '7fe539c4-af2c-4e0d-aa81-eb80e9d166ca', 'elapsed': '6.0s'}
2025-12-25 21:37:00,797 - app.service.similarity_service - INFO - 分析结果已保存: C:\Users\16030\bidding-docs-similarity\saved_results\result_with_entities_7fe539c4-af2c-4e0d-aa81-eb80e9d166ca_20251225_213700.json
2025-12-25 21:41:22,715 - app.service.similarity_service - INFO - 开始分析已提取文本任务: 8ede98b2-46d9-4843-bb59-2f6e463274b1
2025-12-25 21:41:22,715 - app.service.similarity_service - INFO - 基于提取文本启动相似度分析任务: 8ede98b2-46d9-4843-bb59-2f6e463274b1
2025-12-25 21:41:29,912 - app.service.similarity_service - INFO - [TASK_DONE] mem=1404.2MB cpu=282.6% | {'task_id': '8ede98b2-46d9-4843-bb59-2f6e463274b1', 'elapsed': '7.1s'}
2025-12-25 21:41:29,920 - app.service.similarity_service - INFO - 分析结果已保存: C:\Users\16030\bidding-docs-similarity\saved_results\result_with_entities_8ede98b2-46d9-4843-bb59-2f6e463274b1_20251225_214129.json
2025-12-25 21:43:15,230 - app.service.similarity_service - INFO - 开始分析已提取文本任务: 6fb4da89-079b-4466-89be-d5d80a8740ad
2025-12-25 21:43:15,230 - app.service.similarity_service - INFO - 基于提取文本启动相似度分析任务: 6fb4da89-079b-4466-89be-d5d80a8740ad
2025-12-25 21:43:21,403 - app.service.similarity_service - INFO - [TASK_DONE] mem=1406.1MB cpu=229.4% | {'task_id': '6fb4da89-079b-4466-89be-d5d80a8740ad', 'elapsed': '6.1s'}
2025-12-25 21:43:21,409 - app.service.similarity_service - INFO - 分析结果已保存: C:\Users\16030\bidding-docs-similarity\saved_results\result_with_entities_6fb4da89-079b-4466-89be-d5d80a8740ad_20251225_214321.json
2025-12-25 21:44:19,010 - app.service.similarity_service - INFO - 开始分析已提取文本任务: 93d06b67-daf8-4c84-9b43-08f9ff14340d
2025-12-25 21:44:19,010 - app.service.similarity_service - INFO - 基于提取文本启动相似度分析任务: 93d06b67-daf8-4c84-9b43-08f9ff14340d
2025-12-25 21:44:24,959 - app.service.similarity_service - INFO - [TASK_DONE] mem=1405.3MB cpu=166.2% | {'task_id': '93d06b67-daf8-4c84-9b43-08f9ff14340d', 'elapsed': '5.8s'}
2025-12-25 21:44:24,966 - app.service.similarity_service - INFO - 分析结果已保存: C:\Users\16030\bidding-docs-similarity\saved_results\result_with_entities_93d06b67-daf8-4c84-9b43-08f9ff14340d_20251225_214424.json
2025-12-25 21:51:13,304 - app.service.similarity_service - INFO - 开始分析已提取文本任务: a0474b80-9e4e-4b50-8d67-e5c0950d16af
2025-12-25 21:51:13,304 - app.service.similarity_service - INFO - 基于提取文本启动相似度分析任务: a0474b80-9e4e-4b50-8d67-e5c0950d16af
2025-12-25 21:51:19,306 - app.service.similarity_service - INFO - [TASK_DONE] mem=1406.2MB cpu=249.3% | {'task_id': 'a0474b80-9e4e-4b50-8d67-e5c0950d16af', 'elapsed': '5.9s'}
2025-12-25 21:51:19,315 - app.service.similarity_service - INFO - 分析结果已保存: C:\Users\16030\bidding-docs-similarity\saved_results\result_with_entities_a0474b80-9e4e-4b50-8d67-e5c0950d16af_20251225_215119.json
2025-12-25 21:52:54,256 - app.service.similarity_service - INFO - 开始分析已提取文本任务: 18b5edb5-7705-40b5-b623-e7044a65fcee
2025-12-25 21:52:54,257 - app.service.similarity_service - INFO - 基于提取文本启动相似度分析任务: 18b5edb5-7705-40b5-b623-e7044a65fcee
2025-12-25 21:53:00,661 - app.service.similarity_service - INFO - [TASK_DONE] mem=1406.0MB cpu=315.8% | {'task_id': '18b5edb5-7705-40b5-b623-e7044a65fcee', 'elapsed': '6.3s'}
2025-12-25 21:53:00,667 - app.service.similarity_service - INFO - 分析结果已保存: C:\Users\16030\bidding-docs-similarity\saved_results\result_with_entities_18b5edb5-7705-40b5-b623-e7044a65fcee_20251225_215300.json
2025-12-25 21:57:18,145 - app.service.similarity_service - INFO - 开始分析已提取文本任务: f7c6d80a-d5dc-430e-a719-44b0668e29a7
2025-12-25 21:57:18,145 - app.service.similarity_service - INFO - 基于提取文本启动相似度分析任务: f7c6d80a-d5dc-430e-a719-44b0668e29a7
2025-12-25 21:57:23,957 - app.service.similarity_service - INFO - [TASK_DONE] mem=1402.8MB cpu=199.5% | {'task_id': 'f7c6d80a-d5dc-430e-a719-44b0668e29a7', 'elapsed': '5.7s'}
2025-12-25 21:57:23,964 - app.service.similarity_service - INFO - 分析结果已保存: C:\Users\16030\bidding-docs-similarity\saved_results\result_with_entities_f7c6d80a-d5dc-430e-a719-44b0668e29a7_20251225_215723.json
2025-12-25 21:59:37,310 - app.service.similarity_service - INFO - 开始分析已提取文本任务: 102e275b-ec9b-43fd-afe0-ae97d7f45ae5
2025-12-25 21:59:37,310 - app.service.similarity_service - INFO - 基于提取文本启动相似度分析任务: 102e275b-ec9b-43fd-afe0-ae97d7f45ae5
2025-12-25 21:59:43,802 - app.service.similarity_service - INFO - [TASK_DONE] mem=1406.2MB cpu=266.0% | {'task_id': '102e275b-ec9b-43fd-afe0-ae97d7f45ae5', 'elapsed': '6.4s'}
2025-12-25 21:59:43,808 - app.service.similarity_service - INFO - 分析结果已保存: C:\Users\16030\bidding-docs-similarity\saved_results\result_with_entities_102e275b-ec9b-43fd-afe0-ae97d7f45ae5_20251225_215943.json
2025-12-25 22:20:52,625 - app.service.similarity_service - INFO - 开始分析已提取文本任务: 21281b50-d56a-4f2d-b151-65b58a37c83b
2025-12-25 22:20:52,625 - app.service.similarity_service - INFO - 基于提取文本启动相似度分析任务: 21281b50-d56a-4f2d-b151-65b58a37c83b
2025-12-25 22:20:58,501 - app.service.similarity_service - INFO - [TASK_DONE] mem=1405.4MB cpu=232.7% | {'task_id': '21281b50-d56a-4f2d-b151-65b58a37c83b', 'elapsed': '5.8s'}
2025-12-25 22:20:58,509 - app.service.similarity_service - INFO - 分析结果已保存: C:\Users\16030\bidding-docs-similarity\saved_results\result_with_entities_21281b50-d56a-4f2d-b151-65b58a37c83b_20251225_222058.json
2025-12-25 22:26:15,653 - app.service.similarity_service - INFO - 开始分析已提取文本任务: cfbd7266-d234-4737-9df9-d244e690decd
2025-12-25 22:26:15,653 - app.service.similarity_service - INFO - 基于提取文本启动相似度分析任务: cfbd7266-d234-4737-9df9-d244e690decd
2025-12-25 22:26:21,827 - app.service.similarity_service - INFO - [TASK_DONE] mem=1404.9MB cpu=184.7% | {'task_id': 'cfbd7266-d234-4737-9df9-d244e690decd', 'elapsed': '6.1s'}
2025-12-25 22:26:21,835 - app.service.similarity_service - INFO - 分析结果已保存: C:\Users\16030\bidding-docs-similarity\saved_results\result_with_entities_cfbd7266-d234-4737-9df9-d244e690decd_20251225_222621.json
2025-12-25 22:36:37,600 - app.service.similarity_service - INFO - 开始分析已提取文本任务: e0012d2e-0608-4351-87d0-e41585f800a9
2025-12-25 22:36:37,600 - app.service.similarity_service - INFO - 基于提取文本启动相似度分析任务: e0012d2e-0608-4351-87d0-e41585f800a9
2025-12-25 22:36:43,816 - app.service.similarity_service - INFO - [TASK_DONE] mem=1406.8MB cpu=598.4% | {'task_id': 'e0012d2e-0608-4351-87d0-e41585f800a9', 'elapsed': '6.1s'}
2025-12-25 22:36:43,823 - app.service.similarity_service - INFO - 分析结果已保存: C:\Users\16030\bidding-docs-similarity\saved_results\result_with_entities_e0012d2e-0608-4351-87d0-e41585f800a9_20251225_223643.json
2025-12-25 22:42:45,528 - app.service.similarity_service - INFO - 开始分析已提取文本任务: b1eb2986-c556-463e-a51c-b6c800a6fbae
2025-12-25 22:42:45,528 - app.service.similarity_service - INFO - 基于提取文本启动相似度分析任务: b1eb2986-c556-463e-a51c-b6c800a6fbae
2025-12-25 22:42:51,638 - app.service.similarity_service - INFO - [TASK_DONE] mem=1403.3MB cpu=243.7% | {'task_id': 'b1eb2986-c556-463e-a51c-b6c800a6fbae', 'elapsed': '6.0s'}
2025-12-25 22:42:51,644 - app.service.similarity_service - INFO - 分析结果已保存: C:\Users\16030\bidding-docs-similarity\saved_results\result_with_entities_b1eb2986-c556-463e-a51c-b6c800a6fbae_20251225_224251.json
2025-12-25 22:50:24,953 - app.service.similarity_service - INFO - 开始分析已提取文本任务: 90cbeefd-15ed-4d87-ae07-a425a304a5ae
2025-12-25 22:50:24,953 - app.service.similarity_service - INFO - 基于提取文本启动相似度分析任务: 90cbeefd-15ed-4d87-ae07-a425a304a5ae
2025-12-25 22:50:32,032 - app.service.similarity_service - INFO - [TASK_DONE] mem=1403.5MB cpu=149.6% | {'task_id': '90cbeefd-15ed-4d87-ae07-a425a304a5ae', 'elapsed': '7.0s'}
2025-12-25 22:50:32,038 - app.service.similarity_service - INFO - 分析结果已保存: C:\Users\16030\bidding-docs-similarity\saved_results\result_with_entities_90cbeefd-15ed-4d87-ae07-a425a304a5ae_20251225_225032.json
2025-12-25 22:54:49,623 - app.service.similarity_service - INFO - 开始分析已提取文本任务: ae30138a-dd3c-4465-a4c7-c6199d88c105
2025-12-25 22:54:49,623 - app.service.similarity_service - INFO - 基于提取文本启动相似度分析任务: ae30138a-dd3c-4465-a4c7-c6199d88c105
2025-12-25 22:54:55,759 - app.service.similarity_service - INFO - [TASK_DONE] mem=1404.4MB cpu=182.8% | {'task_id': 'ae30138a-dd3c-4465-a4c7-c6199d88c105', 'elapsed': '6.0s'}
2025-12-25 22:54:55,767 - app.service.similarity_service - INFO - 分析结果已保存: C:\Users\16030\bidding-docs-similarity\saved_results\result_with_entities_ae30138a-dd3c-4465-a4c7-c6199d88c105_20251225_225455.json
